\BOOKMARK [1][-]{section.1}{\376\377\004\020\004\075\004\060\004\073\004\070\004\067\000\040\004\077\004\100\004\065\004\064\004\074\004\065\004\102\004\075\004\076\004\071\000\040\004\076\004\061\004\073\004\060\004\101\004\102\004\070}{}% 1
\BOOKMARK [2][-]{subsection.1.1}{\376\377\004\036\004\061\004\067\004\076\004\100\000\040\004\077\004\100\004\065\004\064\004\074\004\065\004\102\004\075\004\076\004\071\000\040\004\076\004\061\004\073\004\060\004\101\004\102\004\070}{section.1}% 2
\BOOKMARK [2][-]{subsection.1.2}{\376\377\004\020\004\075\004\060\004\073\004\070\004\067\000\040\004\060\004\075\004\060\004\073\004\076\004\063\004\076\004\062}{section.1}% 3
\BOOKMARK [3][-]{subsubsection.1.2.1}{\376\377\004\020\004\075\004\060\004\073\004\070\004\067\000\040\004\070\004\063\004\100\004\113\000\040\000<\000<\000V\000A\000-\0001\0001\000\040\000H\000a\000l\000l\000-\000A\000>\000>}{subsection.1.2}% 4
\BOOKMARK [3][-]{subsubsection.1.2.2}{\376\377\004\020\004\075\004\060\004\073\004\070\004\067\000\040\004\070\004\063\004\100\004\113\000\040\000<\000<\000C\000o\000f\000f\000e\000e\000\040\000T\000a\000l\000k\000>\000>}{subsection.1.2}% 5
\BOOKMARK [3][-]{subsubsection.1.2.3}{\376\377\004\020\004\075\004\060\004\073\004\070\004\067\000\040\004\070\004\063\004\100\004\113\000\040\000<\000<\000Y\000u\000n\000y\000u\000n\000\040\000S\000y\000n\000d\000r\000o\000m\000e\000!\000?\000\040\000R\000h\000y\000t\000h\000m\000\040\000P\000s\000y\000c\000h\000o\000s\000i\000s\000>\000>}{subsection.1.2}% 6
\BOOKMARK [3][-]{subsubsection.1.2.4}{\376\377\004\020\004\075\004\060\004\073\004\070\004\067\000\040\004\070\004\063\004\100\004\113\000\040\000<\000<\000G\000l\000i\000s\000y\000n\000t\000h\000>\000>}{subsection.1.2}% 7
\BOOKMARK [2][-]{subsection.1.3}{\376\377\004\042\004\100\004\065\004\061\004\076\004\062\004\060\004\075\004\070\004\117\000\040\004\072\000\040\004\100\004\060\004\067\004\100\004\060\004\061\004\076\004\102\004\072\004\065}{section.1}% 8
\BOOKMARK [3][-]{subsubsection.1.3.1}{\376\377\004\044\004\103\004\075\004\072\004\106\004\070\004\076\004\075\004\060\004\073\004\114\004\075\004\113\004\065\000\040\004\102\004\100\004\065\004\061\004\076\004\062\004\060\004\075\004\070\004\117}{subsection.1.3}% 9
\BOOKMARK [3][-]{subsubsection.1.3.2}{\376\377\004\035\004\065\004\104\004\103\004\075\004\072\004\106\004\070\004\076\004\075\004\060\004\073\004\114\004\075\004\113\004\065\000\040\004\102\004\100\004\065\004\061\004\076\004\062\004\060\004\075\004\070\004\117}{subsection.1.3}% 10
\BOOKMARK [2][-]{subsection.1.4}{\376\377\004\037\004\076\004\101\004\102\004\060\004\075\004\076\004\062\004\072\004\060\000\040\004\067\004\060\004\064\004\060\004\107}{section.1}% 11
\BOOKMARK [2][-]{subsection.1.5}{\376\377\004\027\004\060\004\072\004\073\004\116\004\107\004\065\004\075\004\070\004\065}{section.1}% 12
\BOOKMARK [1][-]{section.2}{\376\377\004\037\004\100\004\076\004\065\004\072\004\102\004\070\004\100\004\076\004\062\004\060\004\075\004\070\004\065}{}% 13
\BOOKMARK [2][-]{subsection.2.1}{\376\377\004\041\004\102\004\100\004\103\004\072\004\102\004\103\004\100\004\060\000\040\004\070\004\063\004\100\004\076\004\062\004\076\004\063\004\076\000\040\004\077\004\100\004\076\004\106\004\065\004\101\004\101\004\060}{section.2}% 14
\BOOKMARK [2][-]{subsection.2.2}{\376\377\004\024\004\070\004\060\004\063\004\100\004\060\004\074\004\074\004\060\000\040\004\101\004\076\004\101\004\102\004\076\004\117\004\075\004\070\004\071\000\040\004\070\004\063\004\100\004\113}{section.2}% 15
\BOOKMARK [2][-]{subsection.2.3}{\376\377\004\037\004\100\004\076\004\065\004\072\004\102\004\070\004\100\004\076\004\062\004\060\004\075\004\070\004\065\000\040\004\063\004\073\004\060\004\062\004\075\004\076\004\063\004\076\000\040\004\074\004\065\004\075\004\116\000\040\004\070\000\040\004\075\004\060\004\101\004\102\004\100\004\076\004\065\004\072}{section.2}% 16
\BOOKMARK [2][-]{subsection.2.4}{\376\377\004\037\004\100\004\076\004\065\004\072\004\102\004\070\004\100\004\076\004\062\004\060\004\075\004\070\004\065\000\040\004\101\004\116\004\066\004\065\004\102\004\075\004\113\004\105\000\040\004\101\004\106\004\065\004\075\000\040\004\075\004\076\004\062\004\065\004\073\004\073\004\113}{section.2}% 17
\BOOKMARK [2][-]{subsection.2.5}{\376\377\004\037\004\100\004\076\004\065\004\072\004\102\004\070\004\100\004\076\004\062\004\060\004\075\004\070\004\065\000\040\004\103\004\100\004\076\004\062\004\075\004\065\004\071\000\040\004\100\004\070\004\102\004\074\000-\004\070\004\063\004\100\004\113}{section.2}% 18
\BOOKMARK [2][-]{subsection.2.6}{\376\377\004\020\004\073\004\063\004\076\004\100\004\070\004\102\004\074\000\040\004\076\004\061\004\100\004\060\004\061\004\076\004\102\004\072\004\070\000\040\004\104\004\060\004\071\004\073\004\060\000\040\004\075\004\076\004\102}{section.2}% 19
\BOOKMARK [2][-]{subsection.2.7}{\376\377\004\020\004\073\004\063\004\076\004\100\004\070\004\102\004\074\000\040\004\100\004\070\004\102\004\074\000-\004\070\004\063\004\100\004\113}{section.2}% 20
\BOOKMARK [2][-]{subsection.2.8}{\376\377\004\037\004\100\004\076\004\065\004\072\004\102\004\070\004\100\004\076\004\062\004\060\004\075\004\070\004\065\000\040\004\076\004\061\004\113\004\107\004\075\004\113\004\105\000\040\004\070\000\040\004\064\004\073\004\070\004\075\004\075\004\113\004\105\000\040\004\075\004\076\004\102}{section.2}% 21
\BOOKMARK [2][-]{subsection.2.9}{\376\377\004\020\004\073\004\063\004\076\004\100\004\070\004\102\004\074\000\040\004\076\004\106\004\065\004\075\004\072\004\070\000\040\004\064\004\065\004\071\004\101\004\102\004\062\004\070\004\071\000\040\004\070\004\063\004\100\004\076\004\072\004\060}{section.2}% 22
\BOOKMARK [2][-]{subsection.2.10}{\376\377\004\020\004\073\004\063\004\076\004\100\004\070\004\102\004\074\000\040\004\062\004\113\004\061\004\076\004\100\004\060\000\040\004\072\004\076\004\075\004\106\004\076\004\062\004\072\004\070}{section.2}% 23
\BOOKMARK [2][-]{subsection.2.11}{\376\377\004\027\004\060\004\072\004\073\004\116\004\107\004\065\004\075\004\070\004\065}{section.2}% 24
